core_cm3.h:1014:22:NVIC_SetPriority	16	static
core_cm3.h:1139:26:SysTick_Config	16	static
periph.c:5:6:InitPeriph	8	static
periph.c:25:6:InitRCC	8	static
periph.c:63:6:InitSysTick	32	static
periph.c:72:6:InitGPIO	16	static
periph.c:144:6:InitEXTI	24	static
periph.c:196:6:InitTIM	8	static
periph.c:204:6:InitADC	72	static
periph.c:276:6:readADC	16	static
periph.c:298:6:InitDBG	4	static
periph.c:304:6:InitTIM1	40	static
periph.c:342:6:InitTIM2	40	static
periph.c:381:6:InitTIM4	24	static
periph.c:415:6:MotCtl	24	static
periph.c:455:6:SysTick_Handler	8	static
